// Jest Snapshot v1, https://goo.gl/fbAQLP

exports[`icon Icon组件快照测试 1`] = `
<svg
  className="oldschool_icon"
>
  <use
    xlinkHref="#undefined"
  />
</svg>
`;
